Content-Type: text/xml; subtype=gml/3.1.1; charset=UTF-8

<?xml version='1.0' encoding="UTF-8" ?>
<wfs:FeatureCollection
   xmlns:ms="http://mapserver.gis.umn.edu/mapserver"
   xmlns:gml="http://www.opengis.net/gml"
   xmlns:wfs="http://www.opengis.net/wfs"
   xmlns:ogc="http://www.opengis.net/ogc"
   xmlns:xsi="http://www.w3.org/2001/XMLSchema-instance"
   xsi:schemaLocation="http://mapserver.gis.umn.edu/mapserver http://localhost/path/to/wfs_simple?SERVICE=WFS&amp;VERSION=1.1.0&amp;REQUEST=DescribeFeatureType&amp;TYPENAME=popplace_10&amp;OUTPUTFORMAT=text/xml;%20subtype=gml/3.1.1  http://www.opengis.net/wfs http://ogc.dmsolutions.ca/wfs/1.1.0/wfs.xsd">
      <gml:boundedBy>
      	<gml:Envelope srsName="EPSG:4326">
      		<gml:lowerCorner>43.740118 -66.158957</gml:lowerCorner>
      		<gml:upperCorner>47.404770 -59.972676</gml:upperCorner>
      	</gml:Envelope>
      </gml:boundedBy>
    <gml:featureMember>
      <ms:popplace_10>
        <gml:boundedBy>
        	<gml:Envelope srsName="EPSG:4326">
        		<gml:lowerCorner>46.980843 -64.052355</gml:lowerCorner>
        		<gml:upperCorner>46.980843 -64.052355</gml:upperCorner>
        	</gml:Envelope>
        </gml:boundedBy>
        <ms:msGeometry>
          <gml:Point srsName="EPSG:4326">
            <gml:pos>46.9808430463 -64.0523554056</gml:pos>
          </gml:Point>
        </ms:msGeometry>
        <ms:gid>1</ms:gid>
        <ms:area>0</ms:area>
        <ms:perimeter>0</ms:perimeter>
        <ms:popplace_>8</ms:popplace_>
        <ms:popplace_i>1</ms:popplace_i>
        <ms:unique_key>BACMK</ms:unique_key>
        <ms:name>&quot;Tignish</ms:name>
        <ms:name_e></ms:name_e>
        <ms:name_f></ms:name_f>
        <ms:unique_k_1></ms:unique_k_1>
        <ms:unique_k_2></ms:unique_k_2>
        <ms:reg_code>11</ms:reg_code>
        <ms:nts50>021I16</ms:nts50>
        <ms:lat>465700</ms:lat>
        <ms:long>640200</ms:long>
        <ms:sgc_code>0</ms:sgc_code>
        <ms:capital>0</ms:capital>
        <ms:pop_range>1</ms:pop_range>
      </ms:popplace_10>
    </gml:featureMember>
    <gml:featureMember>
      <ms:popplace_10>
        <gml:boundedBy>
        	<gml:Envelope srsName="EPSG:4326">
        		<gml:lowerCorner>46.689323 -60.981038</gml:lowerCorner>
        		<gml:upperCorner>46.689323 -60.981038</gml:upperCorner>
        	</gml:Envelope>
        </gml:boundedBy>
        <ms:msGeometry>
          <gml:Point srsName="EPSG:4326">
            <gml:pos>46.6893228799 -60.9810378764</gml:pos>
          </gml:Point>
        </ms:msGeometry>
        <ms:gid>2</ms:gid>
        <ms:area>0</ms:area>
        <ms:perimeter>0</ms:perimeter>
        <ms:popplace_>9</ms:popplace_>
        <ms:popplace_i>1</ms:popplace_i>
        <ms:unique_key>CAGYX</ms:unique_key>
        <ms:name>&#39;Cheticamp</ms:name>
        <ms:name_e></ms:name_e>
        <ms:name_f></ms:name_f>
        <ms:unique_k_1></ms:unique_k_1>
        <ms:unique_k_2></ms:unique_k_2>
        <ms:reg_code>12</ms:reg_code>
        <ms:nts50>011K11</ms:nts50>
        <ms:lat>463800</ms:lat>
        <ms:long>610100</ms:long>
        <ms:sgc_code>1215011</ms:sgc_code>
        <ms:capital>0</ms:capital>
        <ms:pop_range>2</ms:pop_range>
      </ms:popplace_10>
    </gml:featureMember>
    <gml:featureMember>
      <ms:popplace_10>
        <gml:boundedBy>
        	<gml:Envelope srsName="EPSG:4326">
        		<gml:lowerCorner>44.911800 -62.513078</gml:lowerCorner>
        		<gml:upperCorner>44.911800 -62.513078</gml:upperCorner>
        	</gml:Envelope>
        </gml:boundedBy>
        <ms:msGeometry>
          <gml:Point srsName="EPSG:4326">
            <gml:pos>44.9118003226 -62.5130784360</gml:pos>
          </gml:Point>
        </ms:msGeometry>
        <ms:gid>3</ms:gid>
        <ms:area>0</ms:area>
        <ms:perimeter>0</ms:perimeter>
        <ms:popplace_>10</ms:popplace_>
        <ms:popplace_i>1</ms:popplace_i>
        <ms:unique_key>CBIKA</ms:unique_key>
        <ms:name>Sheet Harbour</ms:name>
        <ms:name_e></ms:name_e>
        <ms:name_f></ms:name_f>
        <ms:unique_k_1></ms:unique_k_1>
        <ms:unique_k_2></ms:unique_k_2>
        <ms:reg_code>12</ms:reg_code>
        <ms:nts50>011D15</ms:nts50>
        <ms:lat>445500</ms:lat>
        <ms:long>623200</ms:long>
        <ms:sgc_code>1209036</ms:sgc_code>
        <ms:capital>0</ms:capital>
        <ms:pop_range>2</ms:pop_range>
      </ms:popplace_10>
    </gml:featureMember>
    <gml:featureMember>
      <ms:popplace_10>
        <gml:boundedBy>
        	<gml:Envelope srsName="EPSG:4326">
        		<gml:lowerCorner>46.373272 -62.272430</gml:lowerCorner>
        		<gml:upperCorner>46.373272 -62.272430</gml:upperCorner>
        	</gml:Envelope>
        </gml:boundedBy>
        <ms:msGeometry>
          <gml:Point srsName="EPSG:4326">
            <gml:pos>46.3732716376 -62.2724299281</gml:pos>
          </gml:Point>
        </ms:msGeometry>
        <ms:gid>4</ms:gid>
        <ms:area>0</ms:area>
        <ms:perimeter>0</ms:perimeter>
        <ms:popplace_>109</ms:popplace_>
        <ms:popplace_i>2</ms:popplace_i>
        <ms:unique_key>BACII</ms:unique_key>
        <ms:name>&#39;Souris&#39;</ms:name>
        <ms:name_e></ms:name_e>
        <ms:name_f></ms:name_f>
        <ms:unique_k_1></ms:unique_k_1>
        <ms:unique_k_2></ms:unique_k_2>
        <ms:reg_code>11</ms:reg_code>
        <ms:nts50>011L08</ms:nts50>
        <ms:lat>462100</ms:lat>
        <ms:long>621500</ms:long>
        <ms:sgc_code>1101036</ms:sgc_code>
        <ms:capital>0</ms:capital>
        <ms:pop_range>2</ms:pop_range>
      </ms:popplace_10>
    </gml:featureMember>
    <gml:featureMember>
      <ms:popplace_10>
        <gml:boundedBy>
        	<gml:Envelope srsName="EPSG:4326">
        		<gml:lowerCorner>45.311286 -61.038743</gml:lowerCorner>
        		<gml:upperCorner>45.311286 -61.038743</gml:upperCorner>
        	</gml:Envelope>
        </gml:boundedBy>
        <ms:msGeometry>
          <gml:Point srsName="EPSG:4326">
            <gml:pos>45.3112862651 -61.0387432950</gml:pos>
          </gml:Point>
        </ms:msGeometry>
        <ms:gid>5</ms:gid>
        <ms:area>0</ms:area>
        <ms:perimeter>0</ms:perimeter>
        <ms:popplace_>110</ms:popplace_>
        <ms:popplace_i>2</ms:popplace_i>
        <ms:unique_key>CAGBW</ms:unique_key>
        <ms:name>&quot;Canso&quot;</ms:name>
        <ms:name_e></ms:name_e>
        <ms:name_f></ms:name_f>
        <ms:unique_k_1></ms:unique_k_1>
        <ms:unique_k_2></ms:unique_k_2>
        <ms:reg_code>12</ms:reg_code>
        <ms:nts50>011F07</ms:nts50>
        <ms:lat>452000</ms:lat>
        <ms:long>610000</ms:long>
        <ms:sgc_code>1213006</ms:sgc_code>
        <ms:capital>0</ms:capital>
        <ms:pop_range>2</ms:pop_range>
      </ms:popplace_10>
    </gml:featureMember>
    <gml:featureMember>
      <ms:popplace_10>
        <gml:boundedBy>
        	<gml:Envelope srsName="EPSG:4326">
        		<gml:lowerCorner>45.652307 -61.379977</gml:lowerCorner>
        		<gml:upperCorner>45.652307 -61.379977</gml:upperCorner>
        	</gml:Envelope>
        </gml:boundedBy>
        <ms:msGeometry>
          <gml:Point srsName="EPSG:4326">
            <gml:pos>45.6523074669 -61.3799765988</gml:pos>
          </gml:Point>
        </ms:msGeometry>
        <ms:gid>6</ms:gid>
        <ms:area>0</ms:area>
        <ms:perimeter>0</ms:perimeter>
        <ms:popplace_>111</ms:popplace_>
        <ms:popplace_i>2</ms:popplace_i>
        <ms:unique_key>CBELL</ms:unique_key>
        <ms:name>Port Hawkesbury</ms:name>
        <ms:name_e></ms:name_e>
        <ms:name_f></ms:name_f>
        <ms:unique_k_1></ms:unique_k_1>
        <ms:unique_k_2></ms:unique_k_2>
        <ms:reg_code>12</ms:reg_code>
        <ms:nts50>011F11</ms:nts50>
        <ms:lat>453700</ms:lat>
        <ms:long>612100</ms:long>
        <ms:sgc_code>1215002</ms:sgc_code>
        <ms:capital>0</ms:capital>
        <ms:pop_range>2</ms:pop_range>
      </ms:popplace_10>
    </gml:featureMember>
    <gml:featureMember>
      <ms:popplace_10>
        <gml:boundedBy>
        	<gml:Envelope srsName="EPSG:4326">
        		<gml:lowerCorner>45.639459 -61.997375</gml:lowerCorner>
        		<gml:upperCorner>45.639459 -61.997375</gml:upperCorner>
        	</gml:Envelope>
        </gml:boundedBy>
        <ms:msGeometry>
          <gml:Point srsName="EPSG:4326">
            <gml:pos>45.6394585574 -61.9973746559</gml:pos>
          </gml:Point>
        </ms:msGeometry>
        <ms:gid>7</ms:gid>
        <ms:area>0</ms:area>
        <ms:perimeter>0</ms:perimeter>
        <ms:popplace_>112</ms:popplace_>
        <ms:popplace_i>2</ms:popplace_i>
        <ms:unique_key>CAATB</ms:unique_key>
        <ms:name>Antigonish</ms:name>
        <ms:name_e></ms:name_e>
        <ms:name_f></ms:name_f>
        <ms:unique_k_1></ms:unique_k_1>
        <ms:unique_k_2></ms:unique_k_2>
        <ms:reg_code>12</ms:reg_code>
        <ms:nts50>011F12</ms:nts50>
        <ms:lat>453700</ms:lat>
        <ms:long>620000</ms:long>
        <ms:sgc_code>1214002</ms:sgc_code>
        <ms:capital>0</ms:capital>
        <ms:pop_range>2</ms:pop_range>
      </ms:popplace_10>
    </gml:featureMember>
    <gml:featureMember>
      <ms:popplace_10>
        <gml:boundedBy>
        	<gml:Envelope srsName="EPSG:4326">
        		<gml:lowerCorner>45.627963 -64.109628</gml:lowerCorner>
        		<gml:upperCorner>45.627963 -64.109628</gml:upperCorner>
        	</gml:Envelope>
        </gml:boundedBy>
        <ms:msGeometry>
          <gml:Point srsName="EPSG:4326">
            <gml:pos>45.6279630765 -64.1096275422</gml:pos>
          </gml:Point>
        </ms:msGeometry>
        <ms:gid>8</ms:gid>
        <ms:area>0</ms:area>
        <ms:perimeter>0</ms:perimeter>
        <ms:popplace_>113</ms:popplace_>
        <ms:popplace_i>2</ms:popplace_i>
        <ms:unique_key>CBKDH</ms:unique_key>
        <ms:name>Springhill</ms:name>
        <ms:name_e></ms:name_e>
        <ms:name_f></ms:name_f>
        <ms:unique_k_1></ms:unique_k_1>
        <ms:unique_k_2></ms:unique_k_2>
        <ms:reg_code>12</ms:reg_code>
        <ms:nts50>021H09</ms:nts50>
        <ms:lat>453900</ms:lat>
        <ms:long>640300</ms:long>
        <ms:sgc_code>1211008</ms:sgc_code>
        <ms:capital>0</ms:capital>
        <ms:pop_range>2</ms:pop_range>
      </ms:popplace_10>
    </gml:featureMember>
    <gml:featureMember>
      <ms:popplace_10>
        <gml:boundedBy>
        	<gml:Envelope srsName="EPSG:4326">
        		<gml:lowerCorner>44.971547 -64.190057</gml:lowerCorner>
        		<gml:upperCorner>44.971547 -64.190057</gml:upperCorner>
        	</gml:Envelope>
        </gml:boundedBy>
        <ms:msGeometry>
          <gml:Point srsName="EPSG:4326">
            <gml:pos>44.9715474956 -64.1900568560</gml:pos>
          </gml:Point>
        </ms:msGeometry>
        <ms:gid>9</ms:gid>
        <ms:area>0</ms:area>
        <ms:perimeter>0</ms:perimeter>
        <ms:popplace_>114</ms:popplace_>
        <ms:popplace_i>2</ms:popplace_i>
        <ms:unique_key>CBPAK</ms:unique_key>
        <ms:name>&quot;Wind&quot;sor</ms:name>
        <ms:name_e></ms:name_e>
        <ms:name_f></ms:name_f>
        <ms:unique_k_1></ms:unique_k_1>
        <ms:unique_k_2></ms:unique_k_2>
        <ms:reg_code>12</ms:reg_code>
        <ms:nts50>021A16</ms:nts50>
        <ms:lat>445900</ms:lat>
        <ms:long>640800</ms:long>
        <ms:sgc_code>1208002</ms:sgc_code>
        <ms:capital>0</ms:capital>
        <ms:pop_range>2</ms:pop_range>
      </ms:popplace_10>
    </gml:featureMember>
    <gml:featureMember>
      <ms:popplace_10>
        <gml:boundedBy>
        	<gml:Envelope srsName="EPSG:4326">
        		<gml:lowerCorner>44.375794 -64.333577</gml:lowerCorner>
        		<gml:upperCorner>44.375794 -64.333577</gml:upperCorner>
        	</gml:Envelope>
        </gml:boundedBy>
        <ms:msGeometry>
          <gml:Point srsName="EPSG:4326">
            <gml:pos>44.3757944916 -64.3335766641</gml:pos>
          </gml:Point>
        </ms:msGeometry>
        <ms:gid>10</ms:gid>
        <ms:area>0</ms:area>
        <ms:perimeter>0</ms:perimeter>
        <ms:popplace_>115</ms:popplace_>
        <ms:popplace_i>2</ms:popplace_i>
        <ms:unique_key>CAWAZ</ms:unique_key>
        <ms:name>Lunenburg</ms:name>
        <ms:name_e></ms:name_e>
        <ms:name_f></ms:name_f>
        <ms:unique_k_1></ms:unique_k_1>
        <ms:unique_k_2></ms:unique_k_2>
        <ms:reg_code>12</ms:reg_code>
        <ms:nts50>021A08</ms:nts50>
        <ms:lat>442300</ms:lat>
        <ms:long>641900</ms:long>
        <ms:sgc_code>1206006</ms:sgc_code>
        <ms:capital>0</ms:capital>
        <ms:pop_range>2</ms:pop_range>
      </ms:popplace_10>
    </gml:featureMember>
    <gml:featureMember>
      <ms:popplace_10>
        <gml:boundedBy>
        	<gml:Envelope srsName="EPSG:4326">
        		<gml:lowerCorner>44.020359 -64.732816</gml:lowerCorner>
        		<gml:upperCorner>44.020359 -64.732816</gml:upperCorner>
        	</gml:Envelope>
        </gml:boundedBy>
        <ms:msGeometry>
          <gml:Point srsName="EPSG:4326">
            <gml:pos>44.0203586646 -64.7328155635</gml:pos>
          </gml:Point>
        </ms:msGeometry>
        <ms:gid>11</ms:gid>
        <ms:area>0</ms:area>
        <ms:perimeter>0</ms:perimeter>
        <ms:popplace_>116</ms:popplace_>
        <ms:popplace_i>2</ms:popplace_i>
        <ms:unique_key>CAUWZ</ms:unique_key>
        <ms:name>Liverpool</ms:name>
        <ms:name_e></ms:name_e>
        <ms:name_f></ms:name_f>
        <ms:unique_k_1></ms:unique_k_1>
        <ms:unique_k_2></ms:unique_k_2>
        <ms:reg_code>12</ms:reg_code>
        <ms:nts50>021A02</ms:nts50>
        <ms:lat>440200</ms:lat>
        <ms:long>644300</ms:long>
        <ms:sgc_code>1204006</ms:sgc_code>
        <ms:capital>0</ms:capital>
        <ms:pop_range>2</ms:pop_range>
      </ms:popplace_10>
    </gml:featureMember>
    <gml:featureMember>
      <ms:popplace_10>
        <gml:boundedBy>
        	<gml:Envelope srsName="EPSG:4326">
        		<gml:lowerCorner>44.938161 -65.114828</gml:lowerCorner>
        		<gml:upperCorner>44.938161 -65.114828</gml:upperCorner>
        	</gml:Envelope>
        </gml:boundedBy>
        <ms:msGeometry>
          <gml:Point srsName="EPSG:4326">
            <gml:pos>44.9381614089 -65.1148283817</gml:pos>
          </gml:Point>
        </ms:msGeometry>
        <ms:gid>12</ms:gid>
        <ms:area>0</ms:area>
        <ms:perimeter>0</ms:perimeter>
        <ms:popplace_>117</ms:popplace_>
        <ms:popplace_i>2</ms:popplace_i>
        <ms:unique_key>CAZHC</ms:unique_key>
        <ms:name>Middleton</ms:name>
        <ms:name_e></ms:name_e>
        <ms:name_f></ms:name_f>
        <ms:unique_k_1></ms:unique_k_1>
        <ms:unique_k_2></ms:unique_k_2>
        <ms:reg_code>12</ms:reg_code>
        <ms:nts50>021A14</ms:nts50>
        <ms:lat>445700</ms:lat>
        <ms:long>650400</ms:long>
        <ms:sgc_code>1205016</ms:sgc_code>
        <ms:capital>0</ms:capital>
        <ms:pop_range>2</ms:pop_range>
      </ms:popplace_10>
    </gml:featureMember>
    <gml:featureMember>
      <ms:popplace_10>
        <gml:boundedBy>
        	<gml:Envelope srsName="EPSG:4326">
        		<gml:lowerCorner>44.611049 -65.816024</gml:lowerCorner>
        		<gml:upperCorner>44.611049 -65.816024</gml:upperCorner>
        	</gml:Envelope>
        </gml:boundedBy>
        <ms:msGeometry>
          <gml:Point srsName="EPSG:4326">
            <gml:pos>44.6110486900 -65.8160242650</gml:pos>
          </gml:Point>
        </ms:msGeometry>
        <ms:gid>13</ms:gid>
        <ms:area>0</ms:area>
        <ms:perimeter>0</ms:perimeter>
        <ms:popplace_>118</ms:popplace_>
        <ms:popplace_i>2</ms:popplace_i>
        <ms:unique_key>CAJOA</ms:unique_key>
        <ms:name>Digby</ms:name>
        <ms:name_e></ms:name_e>
        <ms:name_f></ms:name_f>
        <ms:unique_k_1></ms:unique_k_1>
        <ms:unique_k_2></ms:unique_k_2>
        <ms:reg_code>12</ms:reg_code>
        <ms:nts50>021A12</ms:nts50>
        <ms:lat>443700</ms:lat>
        <ms:long>654600</ms:long>
        <ms:sgc_code>1203006</ms:sgc_code>
        <ms:capital>0</ms:capital>
        <ms:pop_range>2</ms:pop_range>
      </ms:popplace_10>
    </gml:featureMember>
    <gml:featureMember>
      <ms:popplace_10>
        <gml:boundedBy>
        	<gml:Envelope srsName="EPSG:4326">
        		<gml:lowerCorner>43.740118 -65.318371</gml:lowerCorner>
        		<gml:upperCorner>43.740118 -65.318371</gml:upperCorner>
        	</gml:Envelope>
        </gml:boundedBy>
        <ms:msGeometry>
          <gml:Point srsName="EPSG:4326">
            <gml:pos>43.7401181711 -65.3183706183</gml:pos>
          </gml:Point>
        </ms:msGeometry>
        <ms:gid>14</ms:gid>
        <ms:area>0</ms:area>
        <ms:perimeter>0</ms:perimeter>
        <ms:popplace_>119</ms:popplace_>
        <ms:popplace_i>2</ms:popplace_i>
        <ms:unique_key>CBIKP</ms:unique_key>
        <ms:name>Shelburne</ms:name>
        <ms:name_e></ms:name_e>
        <ms:name_f></ms:name_f>
        <ms:unique_k_1></ms:unique_k_1>
        <ms:unique_k_2></ms:unique_k_2>
        <ms:reg_code>12</ms:reg_code>
        <ms:nts50>020P14</ms:nts50>
        <ms:lat>434600</ms:lat>
        <ms:long>651900</ms:long>
        <ms:sgc_code>1201008</ms:sgc_code>
        <ms:capital>0</ms:capital>
        <ms:pop_range>2</ms:pop_range>
      </ms:popplace_10>
    </gml:featureMember>
    <gml:featureMember>
      <ms:popplace_10>
        <gml:boundedBy>
        	<gml:Envelope srsName="EPSG:4326">
        		<gml:lowerCorner>46.431271 -63.831979</gml:lowerCorner>
        		<gml:upperCorner>46.431271 -63.831979</gml:upperCorner>
        	</gml:Envelope>
        </gml:boundedBy>
        <ms:msGeometry>
          <gml:Point srsName="EPSG:4326">
            <gml:pos>46.4312711186 -63.8319791212</gml:pos>
          </gml:Point>
        </ms:msGeometry>
        <ms:gid>15</ms:gid>
        <ms:area>0</ms:area>
        <ms:perimeter>0</ms:perimeter>
        <ms:popplace_>262</ms:popplace_>
        <ms:popplace_i>3</ms:popplace_i>
        <ms:unique_key>BADSZ</ms:unique_key>
        <ms:name>Summerside</ms:name>
        <ms:name_e></ms:name_e>
        <ms:name_f></ms:name_f>
        <ms:unique_k_1></ms:unique_k_1>
        <ms:unique_k_2></ms:unique_k_2>
        <ms:reg_code>11</ms:reg_code>
        <ms:nts50>011L05</ms:nts50>
        <ms:lat>462345</ms:lat>
        <ms:long>634720</ms:long>
        <ms:sgc_code>1103025</ms:sgc_code>
        <ms:capital>0</ms:capital>
        <ms:pop_range>3</ms:pop_range>
      </ms:popplace_10>
    </gml:featureMember>
    <gml:featureMember>
      <ms:popplace_10>
        <gml:boundedBy>
        	<gml:Envelope srsName="EPSG:4326">
        		<gml:lowerCorner>46.180945 -59.972676</gml:lowerCorner>
        		<gml:upperCorner>46.180945 -59.972676</gml:upperCorner>
        	</gml:Envelope>
        </gml:boundedBy>
        <ms:msGeometry>
          <gml:Point srsName="EPSG:4326">
            <gml:pos>46.1809450514 -59.9726755479</gml:pos>
          </gml:Point>
        </ms:msGeometry>
        <ms:gid>16</ms:gid>
        <ms:area>0</ms:area>
        <ms:perimeter>0</ms:perimeter>
        <ms:popplace_>263</ms:popplace_>
        <ms:popplace_i>3</ms:popplace_i>
        <ms:unique_key>CBQFA</ms:unique_key>
        <ms:name>Glace Bay</ms:name>
        <ms:name_e></ms:name_e>
        <ms:name_f></ms:name_f>
        <ms:unique_k_1></ms:unique_k_1>
        <ms:unique_k_2></ms:unique_k_2>
        <ms:reg_code>12</ms:reg_code>
        <ms:nts50>011J04</ms:nts50>
        <ms:lat>461200</ms:lat>
        <ms:long>595700</ms:long>
        <ms:sgc_code>1217009</ms:sgc_code>
        <ms:capital>0</ms:capital>
        <ms:pop_range>3</ms:pop_range>
      </ms:popplace_10>
    </gml:featureMember>
    <gml:featureMember>
      <ms:popplace_10>
        <gml:boundedBy>
        	<gml:Envelope srsName="EPSG:4326">
        		<gml:lowerCorner>45.589422 -62.693006</gml:lowerCorner>
        		<gml:upperCorner>45.589422 -62.693006</gml:upperCorner>
        	</gml:Envelope>
        </gml:boundedBy>
        <ms:msGeometry>
          <gml:Point srsName="EPSG:4326">
            <gml:pos>45.5894218242 -62.6930056955</gml:pos>
          </gml:Point>
        </ms:msGeometry>
        <ms:gid>17</ms:gid>
        <ms:area>0</ms:area>
        <ms:perimeter>0</ms:perimeter>
        <ms:popplace_>264</ms:popplace_>
        <ms:popplace_i>3</ms:popplace_i>
        <ms:unique_key>CBBJR</ms:unique_key>
        <ms:name>New Glasgow</ms:name>
        <ms:name_e></ms:name_e>
        <ms:name_f></ms:name_f>
        <ms:unique_k_1></ms:unique_k_1>
        <ms:unique_k_2></ms:unique_k_2>
        <ms:reg_code>12</ms:reg_code>
        <ms:nts50>011E10</ms:nts50>
        <ms:lat>453500</ms:lat>
        <ms:long>623900</ms:long>
        <ms:sgc_code>1212014</ms:sgc_code>
        <ms:capital>0</ms:capital>
        <ms:pop_range>3</ms:pop_range>
      </ms:popplace_10>
    </gml:featureMember>
    <gml:featureMember>
      <ms:popplace_10>
        <gml:boundedBy>
        	<gml:Envelope srsName="EPSG:4326">
        		<gml:lowerCorner>45.343302 -63.335193</gml:lowerCorner>
        		<gml:upperCorner>45.343302 -63.335193</gml:upperCorner>
        	</gml:Envelope>
        </gml:boundedBy>
        <ms:msGeometry>
          <gml:Point srsName="EPSG:4326">
            <gml:pos>45.3433016487 -63.3351933670</gml:pos>
          </gml:Point>
        </ms:msGeometry>
        <ms:gid>18</ms:gid>
        <ms:area>0</ms:area>
        <ms:perimeter>0</ms:perimeter>
        <ms:popplace_>265</ms:popplace_>
        <ms:popplace_i>3</ms:popplace_i>
        <ms:unique_key>CBMKT</ms:unique_key>
        <ms:name>Tr&quot;uro</ms:name>
        <ms:name_e></ms:name_e>
        <ms:name_f></ms:name_f>
        <ms:unique_k_1></ms:unique_k_1>
        <ms:unique_k_2></ms:unique_k_2>
        <ms:reg_code>12</ms:reg_code>
        <ms:nts50>011E06</ms:nts50>
        <ms:lat>452200</ms:lat>
        <ms:long>631600</ms:long>
        <ms:sgc_code>1210006</ms:sgc_code>
        <ms:capital>0</ms:capital>
        <ms:pop_range>3</ms:pop_range>
      </ms:popplace_10>
    </gml:featureMember>
    <gml:featureMember>
      <ms:popplace_10>
        <gml:boundedBy>
        	<gml:Envelope srsName="EPSG:4326">
        		<gml:lowerCorner>45.818949 -64.244044</gml:lowerCorner>
        		<gml:upperCorner>45.818949 -64.244044</gml:upperCorner>
        	</gml:Envelope>
        </gml:boundedBy>
        <ms:msGeometry>
          <gml:Point srsName="EPSG:4326">
            <gml:pos>45.8189490105 -64.2440441759</gml:pos>
          </gml:Point>
        </ms:msGeometry>
        <ms:gid>19</ms:gid>
        <ms:area>0</ms:area>
        <ms:perimeter>0</ms:perimeter>
        <ms:popplace_>266</ms:popplace_>
        <ms:popplace_i>3</ms:popplace_i>
        <ms:unique_key>CAAOO</ms:unique_key>
        <ms:name>Amherst</ms:name>
        <ms:name_e></ms:name_e>
        <ms:name_f></ms:name_f>
        <ms:unique_k_1></ms:unique_k_1>
        <ms:unique_k_2></ms:unique_k_2>
        <ms:reg_code>12</ms:reg_code>
        <ms:nts50>021H16</ms:nts50>
        <ms:lat>455000</ms:lat>
        <ms:long>641200</ms:long>
        <ms:sgc_code>1211011</ms:sgc_code>
        <ms:capital>0</ms:capital>
        <ms:pop_range>3</ms:pop_range>
      </ms:popplace_10>
    </gml:featureMember>
    <gml:featureMember>
      <ms:popplace_10>
        <gml:boundedBy>
        	<gml:Envelope srsName="EPSG:4326">
        		<gml:lowerCorner>45.064729 -64.569074</gml:lowerCorner>
        		<gml:upperCorner>45.064729 -64.569074</gml:upperCorner>
        	</gml:Envelope>
        </gml:boundedBy>
        <ms:msGeometry>
          <gml:Point srsName="EPSG:4326">
            <gml:pos>45.0647285951 -64.5690736637</gml:pos>
          </gml:Point>
        </ms:msGeometry>
        <ms:gid>20</ms:gid>
        <ms:area>0</ms:area>
        <ms:perimeter>0</ms:perimeter>
        <ms:popplace_>267</ms:popplace_>
        <ms:popplace_i>3</ms:popplace_i>
        <ms:unique_key>CASWE</ms:unique_key>
        <ms:name>Kentville</ms:name>
        <ms:name_e></ms:name_e>
        <ms:name_f></ms:name_f>
        <ms:unique_k_1></ms:unique_k_1>
        <ms:unique_k_2></ms:unique_k_2>
        <ms:reg_code>12</ms:reg_code>
        <ms:nts50>021H01</ms:nts50>
        <ms:lat>450500</ms:lat>
        <ms:long>643000</ms:long>
        <ms:sgc_code>1207012</ms:sgc_code>
        <ms:capital>0</ms:capital>
        <ms:pop_range>3</ms:pop_range>
      </ms:popplace_10>
    </gml:featureMember>
    <gml:featureMember>
      <ms:popplace_10>
        <gml:boundedBy>
        	<gml:Envelope srsName="EPSG:4326">
        		<gml:lowerCorner>44.365195 -64.563218</gml:lowerCorner>
        		<gml:upperCorner>44.365195 -64.563218</gml:upperCorner>
        	</gml:Envelope>
        </gml:boundedBy>
        <ms:msGeometry>
          <gml:Point srsName="EPSG:4326">
            <gml:pos>44.3651950774 -64.5632184264</gml:pos>
          </gml:Point>
        </ms:msGeometry>
        <ms:gid>21</ms:gid>
        <ms:area>0</ms:area>
        <ms:perimeter>0</ms:perimeter>
        <ms:popplace_>268</ms:popplace_>
        <ms:popplace_i>3</ms:popplace_i>
        <ms:unique_key>CAFBR</ms:unique_key>
        <ms:name>Bridgewater</ms:name>
        <ms:name_e></ms:name_e>
        <ms:name_f></ms:name_f>
        <ms:unique_k_1></ms:unique_k_1>
        <ms:unique_k_2></ms:unique_k_2>
        <ms:reg_code>12</ms:reg_code>
        <ms:nts50>021A07</ms:nts50>
        <ms:lat>442300</ms:lat>
        <ms:long>643100</ms:long>
        <ms:sgc_code>1206004</ms:sgc_code>
        <ms:capital>0</ms:capital>
        <ms:pop_range>3</ms:pop_range>
      </ms:popplace_10>
    </gml:featureMember>
    <gml:featureMember>
      <ms:popplace_10>
        <gml:boundedBy>
        	<gml:Envelope srsName="EPSG:4326">
        		<gml:lowerCorner>43.797703 -66.158957</gml:lowerCorner>
        		<gml:upperCorner>43.797703 -66.158957</gml:upperCorner>
        	</gml:Envelope>
        </gml:boundedBy>
        <ms:msGeometry>
          <gml:Point srsName="EPSG:4326">
            <gml:pos>43.7977027623 -66.1589565479</gml:pos>
          </gml:Point>
        </ms:msGeometry>
        <ms:gid>22</ms:gid>
        <ms:area>0</ms:area>
        <ms:perimeter>0</ms:perimeter>
        <ms:popplace_>269</ms:popplace_>
        <ms:popplace_i>3</ms:popplace_i>
        <ms:unique_key>CBPIB</ms:unique_key>
        <ms:name>Yarmouth</ms:name>
        <ms:name_e></ms:name_e>
        <ms:name_f></ms:name_f>
        <ms:unique_k_1></ms:unique_k_1>
        <ms:unique_k_2></ms:unique_k_2>
        <ms:reg_code>12</ms:reg_code>
        <ms:nts50>020O16</ms:nts50>
        <ms:lat>435000</ms:lat>
        <ms:long>660700</ms:long>
        <ms:sgc_code>1202006</ms:sgc_code>
        <ms:capital>0</ms:capital>
        <ms:pop_range>3</ms:pop_range>
      </ms:popplace_10>
    </gml:featureMember>
    <gml:featureMember>
      <ms:popplace_10>
        <gml:boundedBy>
        	<gml:Envelope srsName="EPSG:4326">
        		<gml:lowerCorner>46.276898 -60.280661</gml:lowerCorner>
        		<gml:upperCorner>46.276898 -60.280661</gml:upperCorner>
        	</gml:Envelope>
        </gml:boundedBy>
        <ms:msGeometry>
          <gml:Point srsName="EPSG:4326">
            <gml:pos>46.2768975244 -60.2806611483</gml:pos>
          </gml:Point>
        </ms:msGeometry>
        <ms:gid>23</ms:gid>
        <ms:area>0</ms:area>
        <ms:perimeter>0</ms:perimeter>
        <ms:popplace_>270</ms:popplace_>
        <ms:popplace_i>3</ms:popplace_i>
        <ms:unique_key>CBLHE</ms:unique_key>
        <ms:name>Sydney Mines</ms:name>
        <ms:name_e></ms:name_e>
        <ms:name_f></ms:name_f>
        <ms:unique_k_1></ms:unique_k_1>
        <ms:unique_k_2></ms:unique_k_2>
        <ms:reg_code>12</ms:reg_code>
        <ms:nts50>011K01</ms:nts50>
        <ms:lat>461400</ms:lat>
        <ms:long>601400</ms:long>
        <ms:sgc_code>1217019</ms:sgc_code>
        <ms:capital>0</ms:capital>
        <ms:pop_range>3</ms:pop_range>
      </ms:popplace_10>
    </gml:featureMember>
    <gml:featureMember>
      <ms:popplace_10>
        <gml:boundedBy>
        	<gml:Envelope srsName="EPSG:4326">
        		<gml:lowerCorner>46.123322 -60.214963</gml:lowerCorner>
        		<gml:upperCorner>46.123322 -60.214963</gml:upperCorner>
        	</gml:Envelope>
        </gml:boundedBy>
        <ms:msGeometry>
          <gml:Point srsName="EPSG:4326">
            <gml:pos>46.1233220471 -60.2149634664</gml:pos>
          </gml:Point>
        </ms:msGeometry>
        <ms:gid>24</ms:gid>
        <ms:area>0</ms:area>
        <ms:perimeter>0</ms:perimeter>
        <ms:popplace_>391</ms:popplace_>
        <ms:popplace_i>4</ms:popplace_i>
        <ms:unique_key>CBLGX</ms:unique_key>
        <ms:name>Sydney</ms:name>
        <ms:name_e></ms:name_e>
        <ms:name_f></ms:name_f>
        <ms:unique_k_1></ms:unique_k_1>
        <ms:unique_k_2></ms:unique_k_2>
        <ms:reg_code>12</ms:reg_code>
        <ms:nts50>011K01</ms:nts50>
        <ms:lat>460900</ms:lat>
        <ms:long>601100</ms:long>
        <ms:sgc_code>1217014</ms:sgc_code>
        <ms:capital>0</ms:capital>
        <ms:pop_range>4</ms:pop_range>
      </ms:popplace_10>
    </gml:featureMember>
    <gml:featureMember>
      <ms:popplace_10>
        <gml:boundedBy>
        	<gml:Envelope srsName="EPSG:4326">
        		<gml:lowerCorner>44.682792 -63.570040</gml:lowerCorner>
        		<gml:upperCorner>44.682792 -63.570040</gml:upperCorner>
        	</gml:Envelope>
        </gml:boundedBy>
        <ms:msGeometry>
          <gml:Point srsName="EPSG:4326">
            <gml:pos>44.6827915566 -63.5700399487</gml:pos>
          </gml:Point>
        </ms:msGeometry>
        <ms:gid>25</ms:gid>
        <ms:area>0</ms:area>
        <ms:perimeter>0</ms:perimeter>
        <ms:popplace_>392</ms:popplace_>
        <ms:popplace_i>4</ms:popplace_i>
        <ms:unique_key>CAIYJ</ms:unique_key>
        <ms:name>Dartmouth</ms:name>
        <ms:name_e></ms:name_e>
        <ms:name_f></ms:name_f>
        <ms:unique_k_1></ms:unique_k_1>
        <ms:unique_k_2></ms:unique_k_2>
        <ms:reg_code>12</ms:reg_code>
        <ms:nts50>011D12</ms:nts50>
        <ms:lat>444000</ms:lat>
        <ms:long>633400</ms:long>
        <ms:sgc_code>1209022</ms:sgc_code>
        <ms:capital>0</ms:capital>
        <ms:pop_range>5</ms:pop_range>
      </ms:popplace_10>
    </gml:featureMember>
    <gml:featureMember>
      <ms:popplace_10>
        <gml:boundedBy>
        	<gml:Envelope srsName="EPSG:4326">
        		<gml:lowerCorner>47.404770 -61.903099</gml:lowerCorner>
        		<gml:upperCorner>47.404770 -61.903099</gml:upperCorner>
        	</gml:Envelope>
        </gml:boundedBy>
        <ms:msGeometry>
          <gml:Point srsName="EPSG:4326">
            <gml:pos>47.4047700534 -61.9030991007</gml:pos>
          </gml:Point>
        </ms:msGeometry>
        <ms:gid>26</ms:gid>
        <ms:area>0</ms:area>
        <ms:perimeter>0</ms:perimeter>
        <ms:popplace_>397</ms:popplace_>
        <ms:popplace_i>4</ms:popplace_i>
        <ms:unique_key>EGIIG</ms:unique_key>
        <ms:name>Fatima</ms:name>
        <ms:name_e></ms:name_e>
        <ms:name_f></ms:name_f>
        <ms:unique_k_1></ms:unique_k_1>
        <ms:unique_k_2></ms:unique_k_2>
        <ms:reg_code>24</ms:reg_code>
        <ms:nts50>011N05</ms:nts50>
        <ms:lat>472400</ms:lat>
        <ms:long>615300</ms:long>
        <ms:sgc_code>2401025</ms:sgc_code>
        <ms:capital>0</ms:capital>
        <ms:pop_range>2</ms:pop_range>
      </ms:popplace_10>
    </gml:featureMember>
    <gml:featureMember>
      <ms:popplace_10>
        <gml:boundedBy>
        	<gml:Envelope srsName="EPSG:4326">
        		<gml:lowerCorner>46.291191 -63.167017</gml:lowerCorner>
        		<gml:upperCorner>46.291191 -63.167017</gml:upperCorner>
        	</gml:Envelope>
        </gml:boundedBy>
        <ms:msGeometry>
          <gml:Point srsName="EPSG:4326">
            <gml:pos>46.2911909547 -63.1670165094</gml:pos>
          </gml:Point>
        </ms:msGeometry>
        <ms:gid>27</ms:gid>
        <ms:area>0</ms:area>
        <ms:perimeter>0</ms:perimeter>
        <ms:popplace_>462</ms:popplace_>
        <ms:popplace_i>96</ms:popplace_i>
        <ms:unique_key>BAARG</ms:unique_key>
        <ms:name>Charlottetown</ms:name>
        <ms:name_e></ms:name_e>
        <ms:name_f></ms:name_f>
        <ms:unique_k_1></ms:unique_k_1>
        <ms:unique_k_2></ms:unique_k_2>
        <ms:reg_code>11</ms:reg_code>
        <ms:nts50>011L03</ms:nts50>
        <ms:lat>461425</ms:lat>
        <ms:long>630805</ms:long>
        <ms:sgc_code>1102075</ms:sgc_code>
        <ms:capital>2</ms:capital>
        <ms:pop_range>3</ms:pop_range>
      </ms:popplace_10>
    </gml:featureMember>
    <gml:featureMember>
      <ms:popplace_10>
        <gml:boundedBy>
        	<gml:Envelope srsName="EPSG:4326">
        		<gml:lowerCorner>44.615583 -63.692011</gml:lowerCorner>
        		<gml:upperCorner>44.615583 -63.692011</gml:upperCorner>
        	</gml:Envelope>
        </gml:boundedBy>
        <ms:msGeometry>
          <gml:Point srsName="EPSG:4326">
            <gml:pos>44.6155825730 -63.6920112708</gml:pos>
          </gml:Point>
        </ms:msGeometry>
        <ms:gid>28</ms:gid>
        <ms:area>0</ms:area>
        <ms:perimeter>0</ms:perimeter>
        <ms:popplace_>463</ms:popplace_>
        <ms:popplace_i>96</ms:popplace_i>
        <ms:unique_key>CAPHL</ms:unique_key>
        <ms:name>Halifax</ms:name>
        <ms:name_e></ms:name_e>
        <ms:name_f></ms:name_f>
        <ms:unique_k_1></ms:unique_k_1>
        <ms:unique_k_2></ms:unique_k_2>
        <ms:reg_code>12</ms:reg_code>
        <ms:nts50>011D12</ms:nts50>
        <ms:lat>443900</ms:lat>
        <ms:long>633600</ms:long>
        <ms:sgc_code>1209021</ms:sgc_code>
        <ms:capital>2</ms:capital>
        <ms:pop_range>6</ms:pop_range>
      </ms:popplace_10>
    </gml:featureMember>
</wfs:FeatureCollection>

