Content-Type: text/xml; subtype=gml/3.1.1; charset=UTF-8

<?xml version='1.0' encoding="UTF-8" ?>
<wfs:FeatureCollection
   xmlns:ms="http://mapserver.gis.umn.edu/mapserver"
   xmlns:gml="http://www.opengis.net/gml"
   xmlns:wfs="http://www.opengis.net/wfs"
   xmlns:ogc="http://www.opengis.net/ogc"
   xmlns:xsi="http://www.w3.org/2001/XMLSchema-instance"
   xsi:schemaLocation="http://mapserver.gis.umn.edu/mapserver http://localhost/path/to/wfs_simple?SERVICE=WFS&amp;VERSION=1.1.0&amp;REQUEST=DescribeFeatureType&amp;TYPENAME=popplace&amp;OUTPUTFORMAT=text/xml;%20subtype=gml/3.1.1  http://www.opengis.net/wfs http://ogc.dmsolutions.ca/wfs/1.1.0/wfs.xsd">
      <gml:boundedBy>
      	<gml:Envelope srsName="EPSG:4326">
      		<gml:lowerCorner>43.740118 -66.158957</gml:lowerCorner>
      		<gml:upperCorner>47.404770 -59.972676</gml:upperCorner>
      	</gml:Envelope>
      </gml:boundedBy>
    <gml:featureMember>
      <ms:popplace>
        <gml:boundedBy>
        	<gml:Envelope srsName="EPSG:4326">
        		<gml:lowerCorner>46.980843 -64.052355</gml:lowerCorner>
        		<gml:upperCorner>46.980843 -64.052355</gml:upperCorner>
        	</gml:Envelope>
        </gml:boundedBy>
        <ms:msGeometry>
          <gml:Point srsName="EPSG:4326">
            <gml:pos>46.9808 -64.0524</gml:pos>
          </gml:Point>
        </ms:msGeometry>
      </ms:popplace>
    </gml:featureMember>
    <gml:featureMember>
      <ms:popplace>
        <gml:boundedBy>
        	<gml:Envelope srsName="EPSG:4326">
        		<gml:lowerCorner>46.689323 -60.981038</gml:lowerCorner>
        		<gml:upperCorner>46.689323 -60.981038</gml:upperCorner>
        	</gml:Envelope>
        </gml:boundedBy>
        <ms:msGeometry>
          <gml:Point srsName="EPSG:4326">
            <gml:pos>46.6893 -60.9810</gml:pos>
          </gml:Point>
        </ms:msGeometry>
      </ms:popplace>
    </gml:featureMember>
    <gml:featureMember>
      <ms:popplace>
        <gml:boundedBy>
        	<gml:Envelope srsName="EPSG:4326">
        		<gml:lowerCorner>44.911800 -62.513078</gml:lowerCorner>
        		<gml:upperCorner>44.911800 -62.513078</gml:upperCorner>
        	</gml:Envelope>
        </gml:boundedBy>
        <ms:msGeometry>
          <gml:Point srsName="EPSG:4326">
            <gml:pos>44.9118 -62.5131</gml:pos>
          </gml:Point>
        </ms:msGeometry>
      </ms:popplace>
    </gml:featureMember>
    <gml:featureMember>
      <ms:popplace>
        <gml:boundedBy>
        	<gml:Envelope srsName="EPSG:4326">
        		<gml:lowerCorner>46.373272 -62.272430</gml:lowerCorner>
        		<gml:upperCorner>46.373272 -62.272430</gml:upperCorner>
        	</gml:Envelope>
        </gml:boundedBy>
        <ms:msGeometry>
          <gml:Point srsName="EPSG:4326">
            <gml:pos>46.3733 -62.2724</gml:pos>
          </gml:Point>
        </ms:msGeometry>
      </ms:popplace>
    </gml:featureMember>
    <gml:featureMember>
      <ms:popplace>
        <gml:boundedBy>
        	<gml:Envelope srsName="EPSG:4326">
        		<gml:lowerCorner>45.311286 -61.038743</gml:lowerCorner>
        		<gml:upperCorner>45.311286 -61.038743</gml:upperCorner>
        	</gml:Envelope>
        </gml:boundedBy>
        <ms:msGeometry>
          <gml:Point srsName="EPSG:4326">
            <gml:pos>45.3113 -61.0387</gml:pos>
          </gml:Point>
        </ms:msGeometry>
      </ms:popplace>
    </gml:featureMember>
    <gml:featureMember>
      <ms:popplace>
        <gml:boundedBy>
        	<gml:Envelope srsName="EPSG:4326">
        		<gml:lowerCorner>45.652307 -61.379977</gml:lowerCorner>
        		<gml:upperCorner>45.652307 -61.379977</gml:upperCorner>
        	</gml:Envelope>
        </gml:boundedBy>
        <ms:msGeometry>
          <gml:Point srsName="EPSG:4326">
            <gml:pos>45.6523 -61.3800</gml:pos>
          </gml:Point>
        </ms:msGeometry>
      </ms:popplace>
    </gml:featureMember>
    <gml:featureMember>
      <ms:popplace>
        <gml:boundedBy>
        	<gml:Envelope srsName="EPSG:4326">
        		<gml:lowerCorner>45.639459 -61.997375</gml:lowerCorner>
        		<gml:upperCorner>45.639459 -61.997375</gml:upperCorner>
        	</gml:Envelope>
        </gml:boundedBy>
        <ms:msGeometry>
          <gml:Point srsName="EPSG:4326">
            <gml:pos>45.6395 -61.9974</gml:pos>
          </gml:Point>
        </ms:msGeometry>
      </ms:popplace>
    </gml:featureMember>
    <gml:featureMember>
      <ms:popplace>
        <gml:boundedBy>
        	<gml:Envelope srsName="EPSG:4326">
        		<gml:lowerCorner>45.627963 -64.109628</gml:lowerCorner>
        		<gml:upperCorner>45.627963 -64.109628</gml:upperCorner>
        	</gml:Envelope>
        </gml:boundedBy>
        <ms:msGeometry>
          <gml:Point srsName="EPSG:4326">
            <gml:pos>45.6280 -64.1096</gml:pos>
          </gml:Point>
        </ms:msGeometry>
      </ms:popplace>
    </gml:featureMember>
    <gml:featureMember>
      <ms:popplace>
        <gml:boundedBy>
        	<gml:Envelope srsName="EPSG:4326">
        		<gml:lowerCorner>44.971547 -64.190057</gml:lowerCorner>
        		<gml:upperCorner>44.971547 -64.190057</gml:upperCorner>
        	</gml:Envelope>
        </gml:boundedBy>
        <ms:msGeometry>
          <gml:Point srsName="EPSG:4326">
            <gml:pos>44.9715 -64.1901</gml:pos>
          </gml:Point>
        </ms:msGeometry>
      </ms:popplace>
    </gml:featureMember>
    <gml:featureMember>
      <ms:popplace>
        <gml:boundedBy>
        	<gml:Envelope srsName="EPSG:4326">
        		<gml:lowerCorner>44.375794 -64.333577</gml:lowerCorner>
        		<gml:upperCorner>44.375794 -64.333577</gml:upperCorner>
        	</gml:Envelope>
        </gml:boundedBy>
        <ms:msGeometry>
          <gml:Point srsName="EPSG:4326">
            <gml:pos>44.3758 -64.3336</gml:pos>
          </gml:Point>
        </ms:msGeometry>
      </ms:popplace>
    </gml:featureMember>
    <gml:featureMember>
      <ms:popplace>
        <gml:boundedBy>
        	<gml:Envelope srsName="EPSG:4326">
        		<gml:lowerCorner>44.020359 -64.732816</gml:lowerCorner>
        		<gml:upperCorner>44.020359 -64.732816</gml:upperCorner>
        	</gml:Envelope>
        </gml:boundedBy>
        <ms:msGeometry>
          <gml:Point srsName="EPSG:4326">
            <gml:pos>44.0204 -64.7328</gml:pos>
          </gml:Point>
        </ms:msGeometry>
      </ms:popplace>
    </gml:featureMember>
    <gml:featureMember>
      <ms:popplace>
        <gml:boundedBy>
        	<gml:Envelope srsName="EPSG:4326">
        		<gml:lowerCorner>44.938161 -65.114828</gml:lowerCorner>
        		<gml:upperCorner>44.938161 -65.114828</gml:upperCorner>
        	</gml:Envelope>
        </gml:boundedBy>
        <ms:msGeometry>
          <gml:Point srsName="EPSG:4326">
            <gml:pos>44.9382 -65.1148</gml:pos>
          </gml:Point>
        </ms:msGeometry>
      </ms:popplace>
    </gml:featureMember>
    <gml:featureMember>
      <ms:popplace>
        <gml:boundedBy>
        	<gml:Envelope srsName="EPSG:4326">
        		<gml:lowerCorner>44.611049 -65.816024</gml:lowerCorner>
        		<gml:upperCorner>44.611049 -65.816024</gml:upperCorner>
        	</gml:Envelope>
        </gml:boundedBy>
        <ms:msGeometry>
          <gml:Point srsName="EPSG:4326">
            <gml:pos>44.6110 -65.8160</gml:pos>
          </gml:Point>
        </ms:msGeometry>
      </ms:popplace>
    </gml:featureMember>
    <gml:featureMember>
      <ms:popplace>
        <gml:boundedBy>
        	<gml:Envelope srsName="EPSG:4326">
        		<gml:lowerCorner>43.740118 -65.318371</gml:lowerCorner>
        		<gml:upperCorner>43.740118 -65.318371</gml:upperCorner>
        	</gml:Envelope>
        </gml:boundedBy>
        <ms:msGeometry>
          <gml:Point srsName="EPSG:4326">
            <gml:pos>43.7401 -65.3184</gml:pos>
          </gml:Point>
        </ms:msGeometry>
      </ms:popplace>
    </gml:featureMember>
    <gml:featureMember>
      <ms:popplace>
        <gml:boundedBy>
        	<gml:Envelope srsName="EPSG:4326">
        		<gml:lowerCorner>46.431271 -63.831979</gml:lowerCorner>
        		<gml:upperCorner>46.431271 -63.831979</gml:upperCorner>
        	</gml:Envelope>
        </gml:boundedBy>
        <ms:msGeometry>
          <gml:Point srsName="EPSG:4326">
            <gml:pos>46.4313 -63.8320</gml:pos>
          </gml:Point>
        </ms:msGeometry>
      </ms:popplace>
    </gml:featureMember>
    <gml:featureMember>
      <ms:popplace>
        <gml:boundedBy>
        	<gml:Envelope srsName="EPSG:4326">
        		<gml:lowerCorner>46.180945 -59.972676</gml:lowerCorner>
        		<gml:upperCorner>46.180945 -59.972676</gml:upperCorner>
        	</gml:Envelope>
        </gml:boundedBy>
        <ms:msGeometry>
          <gml:Point srsName="EPSG:4326">
            <gml:pos>46.1809 -59.9727</gml:pos>
          </gml:Point>
        </ms:msGeometry>
      </ms:popplace>
    </gml:featureMember>
    <gml:featureMember>
      <ms:popplace>
        <gml:boundedBy>
        	<gml:Envelope srsName="EPSG:4326">
        		<gml:lowerCorner>45.589422 -62.693006</gml:lowerCorner>
        		<gml:upperCorner>45.589422 -62.693006</gml:upperCorner>
        	</gml:Envelope>
        </gml:boundedBy>
        <ms:msGeometry>
          <gml:Point srsName="EPSG:4326">
            <gml:pos>45.5894 -62.6930</gml:pos>
          </gml:Point>
        </ms:msGeometry>
      </ms:popplace>
    </gml:featureMember>
    <gml:featureMember>
      <ms:popplace>
        <gml:boundedBy>
        	<gml:Envelope srsName="EPSG:4326">
        		<gml:lowerCorner>45.343302 -63.335193</gml:lowerCorner>
        		<gml:upperCorner>45.343302 -63.335193</gml:upperCorner>
        	</gml:Envelope>
        </gml:boundedBy>
        <ms:msGeometry>
          <gml:Point srsName="EPSG:4326">
            <gml:pos>45.3433 -63.3352</gml:pos>
          </gml:Point>
        </ms:msGeometry>
      </ms:popplace>
    </gml:featureMember>
    <gml:featureMember>
      <ms:popplace>
        <gml:boundedBy>
        	<gml:Envelope srsName="EPSG:4326">
        		<gml:lowerCorner>45.818949 -64.244044</gml:lowerCorner>
        		<gml:upperCorner>45.818949 -64.244044</gml:upperCorner>
        	</gml:Envelope>
        </gml:boundedBy>
        <ms:msGeometry>
          <gml:Point srsName="EPSG:4326">
            <gml:pos>45.8189 -64.2440</gml:pos>
          </gml:Point>
        </ms:msGeometry>
      </ms:popplace>
    </gml:featureMember>
    <gml:featureMember>
      <ms:popplace>
        <gml:boundedBy>
        	<gml:Envelope srsName="EPSG:4326">
        		<gml:lowerCorner>45.064729 -64.569074</gml:lowerCorner>
        		<gml:upperCorner>45.064729 -64.569074</gml:upperCorner>
        	</gml:Envelope>
        </gml:boundedBy>
        <ms:msGeometry>
          <gml:Point srsName="EPSG:4326">
            <gml:pos>45.0647 -64.5691</gml:pos>
          </gml:Point>
        </ms:msGeometry>
      </ms:popplace>
    </gml:featureMember>
    <gml:featureMember>
      <ms:popplace>
        <gml:boundedBy>
        	<gml:Envelope srsName="EPSG:4326">
        		<gml:lowerCorner>44.365195 -64.563218</gml:lowerCorner>
        		<gml:upperCorner>44.365195 -64.563218</gml:upperCorner>
        	</gml:Envelope>
        </gml:boundedBy>
        <ms:msGeometry>
          <gml:Point srsName="EPSG:4326">
            <gml:pos>44.3652 -64.5632</gml:pos>
          </gml:Point>
        </ms:msGeometry>
      </ms:popplace>
    </gml:featureMember>
    <gml:featureMember>
      <ms:popplace>
        <gml:boundedBy>
        	<gml:Envelope srsName="EPSG:4326">
        		<gml:lowerCorner>43.797703 -66.158957</gml:lowerCorner>
        		<gml:upperCorner>43.797703 -66.158957</gml:upperCorner>
        	</gml:Envelope>
        </gml:boundedBy>
        <ms:msGeometry>
          <gml:Point srsName="EPSG:4326">
            <gml:pos>43.7977 -66.1590</gml:pos>
          </gml:Point>
        </ms:msGeometry>
      </ms:popplace>
    </gml:featureMember>
    <gml:featureMember>
      <ms:popplace>
        <gml:boundedBy>
        	<gml:Envelope srsName="EPSG:4326">
        		<gml:lowerCorner>46.276898 -60.280661</gml:lowerCorner>
        		<gml:upperCorner>46.276898 -60.280661</gml:upperCorner>
        	</gml:Envelope>
        </gml:boundedBy>
        <ms:msGeometry>
          <gml:Point srsName="EPSG:4326">
            <gml:pos>46.2769 -60.2807</gml:pos>
          </gml:Point>
        </ms:msGeometry>
      </ms:popplace>
    </gml:featureMember>
    <gml:featureMember>
      <ms:popplace>
        <gml:boundedBy>
        	<gml:Envelope srsName="EPSG:4326">
        		<gml:lowerCorner>46.123322 -60.214963</gml:lowerCorner>
        		<gml:upperCorner>46.123322 -60.214963</gml:upperCorner>
        	</gml:Envelope>
        </gml:boundedBy>
        <ms:msGeometry>
          <gml:Point srsName="EPSG:4326">
            <gml:pos>46.1233 -60.2150</gml:pos>
          </gml:Point>
        </ms:msGeometry>
      </ms:popplace>
    </gml:featureMember>
    <gml:featureMember>
      <ms:popplace>
        <gml:boundedBy>
        	<gml:Envelope srsName="EPSG:4326">
        		<gml:lowerCorner>44.682792 -63.570040</gml:lowerCorner>
        		<gml:upperCorner>44.682792 -63.570040</gml:upperCorner>
        	</gml:Envelope>
        </gml:boundedBy>
        <ms:msGeometry>
          <gml:Point srsName="EPSG:4326">
            <gml:pos>44.6828 -63.5700</gml:pos>
          </gml:Point>
        </ms:msGeometry>
      </ms:popplace>
    </gml:featureMember>
    <gml:featureMember>
      <ms:popplace>
        <gml:boundedBy>
        	<gml:Envelope srsName="EPSG:4326">
        		<gml:lowerCorner>47.404770 -61.903099</gml:lowerCorner>
        		<gml:upperCorner>47.404770 -61.903099</gml:upperCorner>
        	</gml:Envelope>
        </gml:boundedBy>
        <ms:msGeometry>
          <gml:Point srsName="EPSG:4326">
            <gml:pos>47.4048 -61.9031</gml:pos>
          </gml:Point>
        </ms:msGeometry>
      </ms:popplace>
    </gml:featureMember>
    <gml:featureMember>
      <ms:popplace>
        <gml:boundedBy>
        	<gml:Envelope srsName="EPSG:4326">
        		<gml:lowerCorner>46.291191 -63.167017</gml:lowerCorner>
        		<gml:upperCorner>46.291191 -63.167017</gml:upperCorner>
        	</gml:Envelope>
        </gml:boundedBy>
        <ms:msGeometry>
          <gml:Point srsName="EPSG:4326">
            <gml:pos>46.2912 -63.1670</gml:pos>
          </gml:Point>
        </ms:msGeometry>
      </ms:popplace>
    </gml:featureMember>
    <gml:featureMember>
      <ms:popplace>
        <gml:boundedBy>
        	<gml:Envelope srsName="EPSG:4326">
        		<gml:lowerCorner>44.615583 -63.692011</gml:lowerCorner>
        		<gml:upperCorner>44.615583 -63.692011</gml:upperCorner>
        	</gml:Envelope>
        </gml:boundedBy>
        <ms:msGeometry>
          <gml:Point srsName="EPSG:4326">
            <gml:pos>44.6156 -63.6920</gml:pos>
          </gml:Point>
        </ms:msGeometry>
      </ms:popplace>
    </gml:featureMember>
</wfs:FeatureCollection>

